Run directory: outputs\bank2_from_v1_new_full_skill\bank2_from_v1_new_full_skill
Eligible Access packages:  119
Eligible Cons packages:   184
Reusing seeded Bank1 during resume: repository=v000

©¤©¤ Stages B-E: Clustering, Retrieval, CRUD ©¤©¤
  [access] Preflight retrieval for 75 candidates...
  [access] Preflight done: 4653 relations
  [access] Clustering 75 candidates...
  [access] 4 groups formed
  [access] Group 1/4: 20 candidates, retrieving...
  [access] Group 1: calling CRUD agent...
  [access] Group 1: CRUD plan OK (0 ops)
  [access] Group 2/4: 20 candidates, retrieving...
  [access] Group 2: calling CRUD agent...
  [access] Group 2: CRUD plan OK (2 ops)
  [access] Group 3/4: 20 candidates, retrieving...
  [access] Group 3: calling CRUD agent...
  [access] Group 3: CRUD plan OK (0 ops)
  [access] Group 4/4: 15 candidates, retrieving...
  [access] Group 4: calling CRUD agent...
  [access] Group 4: CRUD plan OK (9 ops)
  [access] published=True version=v001 accepted=75 rejected=0
  [construction] Preflight retrieval for 180 candidates...
  [construction] Preflight done: 14409 relations
  [construction] Clustering 180 candidates...
  [construction] 10 groups formed
  [construction] Group 1/10: 20 candidates, retrieving...
  [construction] Group 1: calling CRUD agent...
  [construction] Group 1: CRUD plan OK (1 ops)
  [construction] Group 2/10: 20 candidates, retrieving...
  [construction] Group 2: calling CRUD agent...
  [construction] Group 2: CRUD plan OK (1 ops)
  [construction] Group 3/10: 20 candidates, retrieving...
  [construction] Group 3: calling CRUD agent...
  [construction] Group 3: CRUD plan OK (6 ops)
  [construction] Group 4/10: 20 candidates, retrieving...
  [construction] Group 4: calling CRUD agent...
  [construction] Group 4: CRUD plan OK (4 ops)
  [construction] Group 5/10: 20 candidates, retrieving...
  [construction] Group 5: calling CRUD agent...
  [construction] Group 5: CRUD plan OK (0 ops)
  [construction] Group 6/10: 20 candidates, retrieving...
  [construction] Group 6: calling CRUD agent...
  [construction] Group 6: CRUD plan OK (0 ops)
  [construction] Group 7/10: 20 candidates, retrieving...
  [construction] Group 7: calling CRUD agent...
  [construction] Group 7: CRUD plan OK (0 ops)
  [construction] Group 8/10: 20 candidates, retrieving...
  [construction] Group 8: calling CRUD agent...
  [construction] Group 8: CRUD plan OK (0 ops)
  [construction] Group 9/10: 18 candidates, retrieving...
  [construction] Group 9: calling CRUD agent...
  [construction] Group 9: CRUD plan OK (1 ops)
  [construction] Group 10/10: 2 candidates, retrieving...
  [construction] Group 10: calling CRUD agent...
  [construction] Group 10: CRUD plan OK (0 ops)
  [construction] published=True version=v002 accepted=180 rejected=0

Pipeline complete. Output: outputs\bank2_from_v1_new_full_skill\bank2_from_v1_new_full_skill
