Traceback (most recent call last):
  File "D:\Documents\Project\Memory_in_Memory\single_agent_mim\src\mim\diagnosis\runner.py", line 449, in _load_jsonl
    value = json.loads(line)
            ^^^^^^^^^^^^^^^^
  File "D:\Anaconda\Lib\json\__init__.py", line 346, in loads
    return _default_decoder.decode(s)
           ^^^^^^^^^^^^^^^^^^^^^^^^^^
  File "D:\Anaconda\Lib\json\decoder.py", line 340, in decode
    raise JSONDecodeError("Extra data", s, end)
json.decoder.JSONDecodeError: Extra data: line 1 column 590 (char 589)

The above exception was the direct cause of the following exception:

Traceback (most recent call last):
  File "D:\Documents\Project\Memory_in_Memory\single_agent_mim\scripts\run_answer_failure.py", line 12, in <module>
    raise SystemExit(run_component("answer"))
                     ^^^^^^^^^^^^^^^^^^^^^^^
  File "D:\Documents\Project\Memory_in_Memory\single_agent_mim\src\mim\diagnosis\runner.py", line 200, in run_component
    judge_rows = _load_jsonl(judge_path)
                 ^^^^^^^^^^^^^^^^^^^^^^^
  File "D:\Documents\Project\Memory_in_Memory\single_agent_mim\src\mim\diagnosis\runner.py", line 451, in _load_jsonl
    raise ValueError(
ValueError: Invalid JSONL at outputs\bank2_from_v1_new_train_judge\judgments_unique.jsonl:1
