[cons] completed=1/672 qa=conv-30_qa_0030 status=data_error problem=False
[cons] completed=2/672 qa=conv-30_qa_0011 status=completed problem=True
[cons] completed=3/672 qa=conv-30_qa_0024 status=data_error problem=False
[cons] completed=4/672 qa=conv-30_qa_0015 status=data_error problem=False
[cons] completed=5/672 qa=conv-30_qa_0007 status=completed problem=True
[cons] completed=6/672 qa=conv-30_qa_0000 status=data_error problem=False
[cons] completed=7/672 qa=conv-30_qa_0031 status=data_error problem=False
[cons] completed=8/672 qa=conv-30_qa_0017 status=data_error problem=False
[cons] completed=9/672 qa=conv-30_qa_0005 status=data_error problem=False
[cons] completed=10/672 qa=conv-30_qa_0003 status=data_error problem=False
[cons] completed=11/672 qa=conv-30_qa_0023 status=completed problem=True
[cons] completed=12/672 qa=conv-30_qa_0009 status=data_error problem=False
[cons] completed=13/672 qa=conv-30_qa_0048 status=completed problem=False
[cons] completed=14/672 qa=conv-30_qa_0039 status=completed problem=True
[cons] completed=15/672 qa=conv-30_qa_0042 status=completed problem=True
[cons] completed=16/672 qa=conv-30_qa_0060 status=completed problem=False
[cons] completed=17/672 qa=conv-30_qa_0052 status=completed problem=True
[cons] completed=18/672 qa=conv-30_qa_0043 status=data_error problem=False
[cons] completed=19/672 qa=conv-30_qa_0050 status=completed problem=True
[cons] completed=20/672 qa=conv-30_qa_0038 status=completed problem=True
[cons] completed=21/672 qa=conv-30_qa_0064 status=completed problem=False
[cons] completed=22/672 qa=conv-30_qa_0063 status=completed problem=False
[cons] completed=23/672 qa=conv-30_qa_0047 status=data_error problem=False
[cons] completed=24/672 qa=conv-30_qa_0055 status=completed problem=True
[cons] completed=25/672 qa=conv-30_qa_0079 status=completed problem=False
[cons] completed=26/672 qa=conv-30_qa_0044 status=data_error problem=False
[cons] completed=27/672 qa=conv-30_qa_0083 status=completed problem=False
[cons] completed=28/672 qa=conv-30_qa_0084 status=completed problem=False
[cons] completed=29/672 qa=conv-30_qa_0085 status=completed problem=False
[cons] completed=30/672 qa=conv-30_qa_0088 status=completed problem=False
[cons] completed=31/672 qa=conv-30_qa_0089 status=completed problem=False
[cons] completed=32/672 qa=conv-30_qa_0090 status=completed problem=False
[cons] completed=33/672 qa=conv-30_qa_0091 status=completed problem=False
[cons] completed=34/672 qa=conv-30_qa_0093 status=completed problem=False
[cons] completed=35/672 qa=conv-30_qa_0094 status=completed problem=False
[cons] completed=36/672 qa=conv-30_qa_0095 status=completed problem=False
[cons] completed=37/672 qa=conv-30_qa_0096 status=completed problem=False
[cons] completed=38/672 qa=conv-30_qa_0103 status=completed problem=False
[cons] completed=39/672 qa=conv-30_qa_0104 status=completed problem=False
[cons] completed=40/672 qa=conv-30_qa_0057 status=completed problem=True
[cons] completed=41/672 qa=conv-30_qa_0056 status=data_error problem=False
[cons] completed=42/672 qa=conv-30_qa_0080 status=completed problem=False
[cons] completed=43/672 qa=conv-30_qa_0062 status=completed problem=True
[cons] completed=44/672 qa=conv-30_qa_0068 status=completed problem=True
[cons] completed=45/672 qa=conv-30_qa_0073 status=completed problem=True
[cons] completed=46/672 qa=conv-30_qa_0071 status=completed problem=True
[cons] completed=47/672 qa=conv-30_qa_0077 status=completed problem=True
[cons] completed=48/672 qa=conv-30_qa_0067 status=completed problem=True
[cons] completed=49/672 qa=conv-30_qa_0075 status=completed problem=True
[cons] completed=50/672 qa=conv-42_qa_0002 status=data_error problem=False
[cons] completed=51/672 qa=conv-30_qa_0078 status=completed problem=True
[cons] completed=52/672 qa=conv-42_qa_0000 status=completed problem=True
[cons] completed=53/672 qa=conv-42_qa_0011 status=completed problem=False
[cons] completed=54/672 qa=conv-42_qa_0003 status=completed problem=True
[cons] completed=55/672 qa=conv-42_qa_0004 status=data_error problem=False
[cons] completed=56/672 qa=conv-42_qa_0007 status=completed problem=True
[cons] completed=57/672 qa=conv-42_qa_0005 status=completed problem=True
[cons] completed=58/672 qa=conv-42_qa_0009 status=completed problem=True
[cons] completed=59/672 qa=conv-42_qa_0008 status=data_error problem=False
[cons] completed=60/672 qa=conv-42_qa_0012 status=data_error problem=False
[cons] completed=61/672 qa=conv-42_qa_0014 status=completed problem=True
[cons] completed=62/672 qa=conv-42_qa_0028 status=completed problem=False
[cons] completed=63/672 qa=conv-42_qa_0010 status=completed problem=True
[cons] completed=64/672 qa=conv-42_qa_0032 status=completed problem=False
[cons] completed=65/672 qa=conv-42_qa_0017 status=data_error problem=False
[cons] completed=66/672 qa=conv-42_qa_0022 status=completed problem=True
[cons] completed=67/672 qa=conv-42_qa_0024 status=data_error problem=False
[cons] completed=68/672 qa=conv-42_qa_0016 status=data_error problem=False
[cons] completed=69/672 qa=conv-42_qa_0037 status=completed problem=False
[cons] completed=70/672 qa=conv-42_qa_0026 status=data_error problem=False
[cons] completed=71/672 qa=conv-42_qa_0023 status=data_error problem=False
[cons] completed=72/672 qa=conv-42_qa_0030 status=data_error problem=False
[cons] completed=73/672 qa=conv-42_qa_0025 status=data_error problem=False
[cons] completed=74/672 qa=conv-42_qa_0034 status=data_error problem=False
[cons] completed=75/672 qa=conv-42_qa_0033 status=completed problem=True
[cons] completed=76/672 qa=conv-42_qa_0038 status=completed problem=True
[cons] completed=77/672 qa=conv-42_qa_0035 status=data_error problem=False
[cons] completed=78/672 qa=conv-42_qa_0036 status=completed problem=True
[cons] completed=79/672 qa=conv-42_qa_0043 status=data_error problem=False
[cons] completed=80/672 qa=conv-42_qa_0045 status=completed problem=False
[cons] completed=81/672 qa=conv-42_qa_0042 status=data_error problem=False
[cons] completed=82/672 qa=conv-42_qa_0041 status=data_error problem=False
[cons] completed=83/672 qa=conv-42_qa_0049 status=completed problem=True
[cons] completed=84/672 qa=conv-42_qa_0058 status=data_error problem=False
[cons] completed=85/672 qa=conv-42_qa_0044 status=data_error problem=False
[cons] completed=86/672 qa=conv-42_qa_0057 status=data_error problem=False
[cons] completed=87/672 qa=conv-42_qa_0055 status=data_error problem=False
[cons] completed=88/672 qa=conv-42_qa_0052 status=completed problem=True
[cons] completed=89/672 qa=conv-42_qa_0060 status=data_error problem=False
[cons] completed=90/672 qa=conv-42_qa_0059 status=data_error problem=False
[cons] completed=91/672 qa=conv-42_qa_0061 status=data_error problem=False
[cons] completed=92/672 qa=conv-42_qa_0067 status=data_error problem=False
[cons] completed=93/672 qa=conv-42_qa_0069 status=data_error problem=False
[cons] completed=94/672 qa=conv-42_qa_0063 status=data_error problem=False
[cons] completed=95/672 qa=conv-42_qa_0068 status=data_error problem=False
[cons] completed=96/672 qa=conv-42_qa_0071 status=data_error problem=False
[cons] completed=97/672 qa=conv-42_qa_0072 status=data_error problem=False
[cons] completed=98/672 qa=conv-42_qa_0066 status=data_error problem=False
[cons] completed=99/672 qa=conv-42_qa_0070 status=data_error problem=False
[cons] completed=100/672 qa=conv-42_qa_0077 status=data_error problem=False
[cons] completed=101/672 qa=conv-42_qa_0075 status=data_error problem=False
[cons] completed=102/672 qa=conv-42_qa_0074 status=data_error problem=False
[cons] completed=103/672 qa=conv-42_qa_0088 status=data_error problem=False
[cons] completed=104/672 qa=conv-42_qa_0083 status=data_error problem=False
[cons] completed=105/672 qa=conv-42_qa_0078 status=data_error problem=False
[cons] completed=106/672 qa=conv-42_qa_0079 status=completed problem=True
[cons] completed=107/672 qa=conv-42_qa_0086 status=completed problem=True
[cons] completed=108/672 qa=conv-42_qa_0080 status=completed problem=True
[cons] completed=109/672 qa=conv-42_qa_0084 status=data_error problem=False
[cons] completed=110/672 qa=conv-42_qa_0085 status=data_error problem=False
[cons] completed=111/672 qa=conv-42_qa_0087 status=completed problem=True
[cons] completed=112/672 qa=conv-42_qa_0081 status=data_error problem=False
[cons] completed=113/672 qa=conv-42_qa_0099 status=completed problem=False
[cons] completed=114/672 qa=conv-42_qa_0106 status=completed problem=False
[cons] completed=115/672 qa=conv-42_qa_0103 status=completed problem=False
[cons] completed=116/672 qa=conv-42_qa_0092 status=data_error problem=False
[cons] completed=117/672 qa=conv-42_qa_0091 status=data_error problem=False
[cons] completed=118/672 qa=conv-42_qa_0113 status=completed problem=False
[cons] completed=119/672 qa=conv-42_qa_0089 status=data_error problem=False
[cons] completed=120/672 qa=conv-42_qa_0110 status=completed problem=False
[cons] completed=121/672 qa=conv-42_qa_0115 status=completed problem=False
[cons] completed=122/672 qa=conv-42_qa_0114 status=completed problem=False
[cons] completed=123/672 qa=conv-42_qa_0094 status=completed problem=True
[cons] completed=124/672 qa=conv-42_qa_0101 status=completed problem=True
[cons] completed=125/672 qa=conv-42_qa_0107 status=completed problem=True
[cons] completed=126/672 qa=conv-42_qa_0123 status=completed problem=False
[cons] completed=127/672 qa=conv-42_qa_0124 status=completed problem=False
[cons] completed=128/672 qa=conv-42_qa_0095 status=data_error problem=False
[cons] completed=129/672 qa=conv-42_qa_0097 status=completed problem=True
[cons] completed=130/672 qa=conv-42_qa_0131 status=completed problem=False
[cons] completed=131/672 qa=conv-42_qa_0108 status=completed problem=True
[cons] completed=132/672 qa=conv-42_qa_0120 status=completed problem=True
[cons] completed=133/672 qa=conv-42_qa_0140 status=completed problem=True
[cons] completed=134/672 qa=conv-42_qa_0119 status=completed problem=True
[cons] completed=135/672 qa=conv-42_qa_0125 status=data_error problem=False
[cons] completed=136/672 qa=conv-42_qa_0141 status=completed problem=True
[cons] completed=137/672 qa=conv-42_qa_0142 status=completed problem=True
[cons] completed=138/672 qa=conv-42_qa_0146 status=completed problem=True
[cons] completed=139/672 qa=conv-42_qa_0149 status=completed problem=True
[cons] completed=140/672 qa=conv-42_qa_0151 status=data_error problem=False
[cons] completed=141/672 qa=conv-42_qa_0153 status=completed problem=True
[cons] completed=142/672 qa=conv-42_qa_0160 status=completed problem=True
[cons] completed=143/672 qa=conv-42_qa_0158 status=data_error problem=False
[cons] completed=144/672 qa=conv-42_qa_0161 status=completed problem=True
[cons] completed=145/672 qa=conv-42_qa_0186 status=completed problem=False
[cons] completed=146/672 qa=conv-42_qa_0164 status=completed problem=True
[cons] completed=147/672 qa=conv-42_qa_0168 status=completed problem=True
[cons] completed=148/672 qa=conv-42_qa_0200 status=completed problem=False
[cons] completed=149/672 qa=conv-42_qa_0201 status=completed problem=False
[cons] completed=150/672 qa=conv-42_qa_0202 status=completed problem=False
[cons] completed=151/672 qa=conv-42_qa_0203 status=completed problem=False
[cons] completed=152/672 qa=conv-42_qa_0204 status=completed problem=False
[cons] completed=153/672 qa=conv-42_qa_0206 status=completed problem=False
[cons] completed=154/672 qa=conv-42_qa_0208 status=completed problem=False
[cons] completed=155/672 qa=conv-42_qa_0210 status=completed problem=False
[cons] completed=156/672 qa=conv-42_qa_0212 status=completed problem=False
[cons] completed=157/672 qa=conv-42_qa_0213 status=completed problem=False
[cons] completed=158/672 qa=conv-42_qa_0215 status=completed problem=False
[cons] completed=159/672 qa=conv-42_qa_0216 status=completed problem=False
[cons] completed=160/672 qa=conv-42_qa_0217 status=completed problem=False
[cons] completed=161/672 qa=conv-42_qa_0218 status=completed problem=False
[cons] completed=162/672 qa=conv-42_qa_0221 status=completed problem=False
[cons] completed=163/672 qa=conv-42_qa_0222 status=completed problem=False
[cons] completed=164/672 qa=conv-42_qa_0224 status=completed problem=False
[cons] completed=165/672 qa=conv-42_qa_0225 status=completed problem=False
[cons] completed=166/672 qa=conv-42_qa_0226 status=completed problem=False
[cons] completed=167/672 qa=conv-42_qa_0227 status=completed problem=False
[cons] completed=168/672 qa=conv-42_qa_0230 status=completed problem=False
[cons] completed=169/672 qa=conv-42_qa_0231 status=completed problem=False
[cons] completed=170/672 qa=conv-42_qa_0232 status=completed problem=False
[cons] completed=171/672 qa=conv-42_qa_0233 status=completed problem=False
[cons] completed=172/672 qa=conv-42_qa_0234 status=completed problem=False
[cons] completed=173/672 qa=conv-42_qa_0235 status=completed problem=False
[cons] completed=174/672 qa=conv-42_qa_0237 status=completed problem=False
[cons] completed=175/672 qa=conv-42_qa_0239 status=completed problem=False
[cons] completed=176/672 qa=conv-42_qa_0240 status=completed problem=False
[cons] completed=177/672 qa=conv-42_qa_0241 status=completed problem=False
[cons] completed=178/672 qa=conv-42_qa_0242 status=completed problem=False
[cons] completed=179/672 qa=conv-42_qa_0243 status=completed problem=False
[cons] completed=180/672 qa=conv-42_qa_0244 status=completed problem=False
[cons] completed=181/672 qa=conv-42_qa_0246 status=completed problem=False
[cons] completed=182/672 qa=conv-42_qa_0247 status=completed problem=False
[cons] completed=183/672 qa=conv-42_qa_0248 status=completed problem=False
[cons] completed=184/672 qa=conv-42_qa_0249 status=completed problem=False
[cons] completed=185/672 qa=conv-42_qa_0250 status=completed problem=False
[cons] completed=186/672 qa=conv-42_qa_0251 status=completed problem=False
[cons] completed=187/672 qa=conv-42_qa_0252 status=completed problem=False
[cons] completed=188/672 qa=conv-42_qa_0253 status=completed problem=False
[cons] completed=189/672 qa=conv-42_qa_0254 status=completed problem=False
[cons] completed=190/672 qa=conv-42_qa_0255 status=completed problem=False
[cons] completed=191/672 qa=conv-42_qa_0256 status=completed problem=False
[cons] completed=192/672 qa=conv-42_qa_0257 status=completed problem=False
[cons] completed=193/672 qa=conv-42_qa_0259 status=completed problem=False
[cons] completed=194/672 qa=conv-42_qa_0174 status=completed problem=True
[cons] completed=195/672 qa=conv-42_qa_0165 status=data_error problem=False
[cons] completed=196/672 qa=conv-42_qa_0177 status=completed problem=True
[cons] completed=197/672 qa=conv-42_qa_0197 status=completed problem=False
[cons] completed=198/672 qa=conv-42_qa_0179 status=data_error problem=False
[cons] completed=199/672 qa=conv-42_qa_0173 status=completed problem=True
[cons] completed=200/672 qa=conv-42_qa_0189 status=completed problem=True
[cons] completed=201/672 qa=conv-42_qa_0191 status=completed problem=True
[cons] completed=202/672 qa=conv-42_qa_0198 status=completed problem=False
[cons] completed=203/672 qa=conv-42_qa_0195 status=completed problem=True
[cons] completed=204/672 qa=conv-42_qa_0194 status=completed problem=True
[cons] completed=205/672 qa=conv-43_qa_0011 status=completed problem=False
[cons] completed=206/672 qa=conv-43_qa_0000 status=completed problem=True
[cons] completed=207/672 qa=conv-43_qa_0001 status=data_error problem=False
[cons] completed=208/672 qa=conv-43_qa_0002 status=data_error problem=False
[cons] completed=209/672 qa=conv-43_qa_0005 status=data_error problem=False
[cons] completed=210/672 qa=conv-43_qa_0006 status=data_error problem=False
[cons] completed=211/672 qa=conv-43_qa_0007 status=data_error problem=False
[cons] completed=212/672 qa=conv-43_qa_0004 status=data_error problem=False
[cons] completed=213/672 qa=conv-43_qa_0008 status=data_error problem=False
[cons] completed=214/672 qa=conv-43_qa_0009 status=data_error problem=False
[cons] completed=215/672 qa=conv-43_qa_0022 status=completed problem=False
[cons] completed=216/672 qa=conv-43_qa_0016 status=completed problem=True
[cons] completed=217/672 qa=conv-43_qa_0018 status=data_error problem=False
[cons] completed=218/672 qa=conv-43_qa_0015 status=data_error problem=False
[cons] completed=219/672 qa=conv-43_qa_0014 status=completed problem=True
[cons] completed=220/672 qa=conv-43_qa_0036 status=completed problem=False
[cons] completed=221/672 qa=conv-43_qa_0017 status=data_error problem=False
[cons] completed=222/672 qa=conv-43_qa_0020 status=data_error problem=False
[cons] completed=223/672 qa=conv-43_qa_0019 status=data_error problem=False
[cons] completed=224/672 qa=conv-43_qa_0025 status=data_error problem=False
[cons] completed=225/672 qa=conv-43_qa_0021 status=data_error problem=False
[cons] completed=226/672 qa=conv-43_qa_0024 status=completed problem=True
[cons] completed=227/672 qa=conv-43_qa_0026 status=data_error problem=False
[cons] completed=228/672 qa=conv-43_qa_0029 status=completed problem=True
[cons] completed=229/672 qa=conv-43_qa_0032 status=data_error problem=False
[cons] completed=230/672 qa=conv-43_qa_0030 status=data_error problem=False
[cons] completed=231/672 qa=conv-43_qa_0046 status=completed problem=False
[cons] completed=232/672 qa=conv-43_qa_0034 status=data_error problem=False
[cons] completed=233/672 qa=conv-43_qa_0052 status=completed problem=False
[cons] completed=234/672 qa=conv-43_qa_0040 status=data_error problem=False
[cons] completed=235/672 qa=conv-43_qa_0042 status=completed problem=True
[cons] completed=236/672 qa=conv-43_qa_0041 status=data_error problem=False
[cons] completed=237/672 qa=conv-43_qa_0043 status=data_error problem=False
[cons] completed=238/672 qa=conv-43_qa_0053 status=data_error problem=False
[cons] completed=239/672 qa=conv-43_qa_0047 status=data_error problem=False
[cons] completed=240/672 qa=conv-43_qa_0048 status=data_error problem=False
[cons] completed=241/672 qa=conv-43_qa_0050 status=data_error problem=False
[cons] completed=242/672 qa=conv-43_qa_0054 status=completed problem=True
[cons] completed=243/672 qa=conv-43_qa_0060 status=data_error problem=False
[cons] completed=244/672 qa=conv-43_qa_0051 status=data_error problem=False
[cons] completed=245/672 qa=conv-43_qa_0056 status=data_error problem=False
[cons] completed=246/672 qa=conv-43_qa_0072 status=completed problem=False
[cons] completed=247/672 qa=conv-43_qa_0081 status=completed problem=False
[cons] completed=248/672 qa=conv-43_qa_0055 status=data_error problem=False
[cons] completed=249/672 qa=conv-43_qa_0065 status=completed problem=True
[cons] completed=250/672 qa=conv-43_qa_0067 status=data_error problem=False
[cons] completed=251/672 qa=conv-43_qa_0066 status=data_error problem=False
[cons] completed=252/672 qa=conv-43_qa_0083 status=completed problem=False
[cons] completed=253/672 qa=conv-43_qa_0061 status=completed problem=True
[cons] completed=254/672 qa=conv-43_qa_0059 status=data_error problem=False
[cons] completed=255/672 qa=conv-43_qa_0068 status=completed problem=True
[cons] completed=256/672 qa=conv-43_qa_0076 status=completed problem=True
[cons] completed=257/672 qa=conv-43_qa_0078 status=data_error problem=False
[cons] completed=258/672 qa=conv-43_qa_0070 status=data_error problem=False
[cons] completed=259/672 qa=conv-43_qa_0082 status=completed problem=True
[cons] completed=260/672 qa=conv-43_qa_0086 status=completed problem=True
[cons] completed=261/672 qa=conv-43_qa_0097 status=completed problem=False
[cons] completed=262/672 qa=conv-43_qa_0089 status=completed problem=True
[cons] completed=263/672 qa=conv-43_qa_0087 status=completed problem=True
[cons] completed=264/672 qa=conv-43_qa_0088 status=completed problem=True
[cons] completed=265/672 qa=conv-43_qa_0093 status=data_error problem=False
[cons] completed=266/672 qa=conv-43_qa_0092 status=data_error problem=False
[cons] completed=267/672 qa=conv-43_qa_0100 status=completed problem=True
[cons] completed=268/672 qa=conv-43_qa_0108 status=completed problem=True
[cons] completed=269/672 qa=conv-43_qa_0113 status=data_error problem=False
[cons] completed=270/672 qa=conv-43_qa_0115 status=completed problem=True
[cons] completed=271/672 qa=conv-43_qa_0109 status=completed problem=True
[cons] completed=272/672 qa=conv-43_qa_0102 status=completed problem=True
[cons] completed=273/672 qa=conv-43_qa_0130 status=completed problem=False
[cons] completed=274/672 qa=conv-43_qa_0116 status=completed problem=True
[cons] completed=275/672 qa=conv-43_qa_0132 status=completed problem=False
[cons] completed=276/672 qa=conv-43_qa_0131 status=completed problem=False
[cons] completed=277/672 qa=conv-43_qa_0117 status=completed problem=True
[cons] completed=278/672 qa=conv-43_qa_0149 status=completed problem=False
[cons] completed=279/672 qa=conv-43_qa_0147 status=completed problem=False
[cons] completed=280/672 qa=conv-43_qa_0129 status=completed problem=True
[cons] completed=281/672 qa=conv-43_qa_0121 status=completed problem=True
[cons] completed=282/672 qa=conv-43_qa_0122 status=completed problem=True
[cons] completed=283/672 qa=conv-43_qa_0160 status=completed problem=False
[cons] completed=284/672 qa=conv-43_qa_0145 status=completed problem=True
[cons] completed=285/672 qa=conv-43_qa_0135 status=completed problem=True
[cons] completed=286/672 qa=conv-43_qa_0136 status=completed problem=True
[cons] completed=287/672 qa=conv-43_qa_0148 status=data_error problem=False
[cons] completed=288/672 qa=conv-43_qa_0166 status=data_error problem=False
[cons] completed=289/672 qa=conv-43_qa_0159 status=completed problem=True
[cons] completed=290/672 qa=conv-43_qa_0155 status=completed problem=True
[cons] completed=291/672 qa=conv-43_qa_0180 status=completed problem=False
[cons] completed=292/672 qa=conv-43_qa_0183 status=completed problem=False
[cons] completed=293/672 qa=conv-43_qa_0184 status=completed problem=False
[cons] completed=294/672 qa=conv-43_qa_0185 status=completed problem=False
[cons] completed=295/672 qa=conv-43_qa_0186 status=completed problem=False
[cons] completed=296/672 qa=conv-43_qa_0187 status=completed problem=False
[cons] completed=297/672 qa=conv-43_qa_0188 status=completed problem=False
[cons] completed=298/672 qa=conv-43_qa_0189 status=completed problem=False
[cons] completed=299/672 qa=conv-43_qa_0193 status=completed problem=False
[cons] completed=300/672 qa=conv-43_qa_0194 status=completed problem=False
[cons] completed=301/672 qa=conv-43_qa_0195 status=completed problem=False
[cons] completed=302/672 qa=conv-43_qa_0197 status=completed problem=False
[cons] completed=303/672 qa=conv-43_qa_0198 status=completed problem=False
[cons] completed=304/672 qa=conv-43_qa_0201 status=completed problem=False
[cons] completed=305/672 qa=conv-43_qa_0203 status=completed problem=False
[cons] completed=306/672 qa=conv-43_qa_0204 status=completed problem=False
[cons] completed=307/672 qa=conv-43_qa_0205 status=completed problem=False
[cons] completed=308/672 qa=conv-43_qa_0206 status=completed problem=False
[cons] completed=309/672 qa=conv-43_qa_0207 status=completed problem=False
[cons] completed=310/672 qa=conv-43_qa_0208 status=completed problem=False
[cons] completed=311/672 qa=conv-43_qa_0209 status=completed problem=False
[cons] completed=312/672 qa=conv-43_qa_0211 status=completed problem=False
[cons] completed=313/672 qa=conv-43_qa_0212 status=completed problem=False
[cons] completed=314/672 qa=conv-43_qa_0213 status=completed problem=False
[cons] completed=315/672 qa=conv-43_qa_0214 status=completed problem=False
[cons] completed=316/672 qa=conv-43_qa_0217 status=completed problem=False
[cons] completed=317/672 qa=conv-43_qa_0218 status=completed problem=False
[cons] completed=318/672 qa=conv-43_qa_0220 status=completed problem=False
[cons] completed=319/672 qa=conv-43_qa_0221 status=completed problem=False
[cons] completed=320/672 qa=conv-43_qa_0222 status=completed problem=False
[cons] completed=321/672 qa=conv-43_qa_0223 status=completed problem=False
[cons] completed=322/672 qa=conv-43_qa_0225 status=completed problem=False
[cons] completed=323/672 qa=conv-43_qa_0227 status=completed problem=False
[cons] completed=324/672 qa=conv-43_qa_0228 status=completed problem=False
[cons] completed=325/672 qa=conv-43_qa_0229 status=completed problem=False
[cons] completed=326/672 qa=conv-43_qa_0230 status=completed problem=False
[cons] completed=327/672 qa=conv-43_qa_0231 status=completed problem=False
[cons] completed=328/672 qa=conv-43_qa_0232 status=completed problem=False
[cons] completed=329/672 qa=conv-43_qa_0233 status=completed problem=False
[cons] completed=330/672 qa=conv-43_qa_0234 status=completed problem=False
[cons] completed=331/672 qa=conv-43_qa_0236 status=completed problem=False
[cons] completed=332/672 qa=conv-43_qa_0237 status=completed problem=False
[cons] completed=333/672 qa=conv-43_qa_0238 status=completed problem=False
[cons] completed=334/672 qa=conv-43_qa_0239 status=completed problem=False
[cons] completed=335/672 qa=conv-43_qa_0240 status=completed problem=False
[cons] completed=336/672 qa=conv-43_qa_0150 status=data_error problem=False
[cons] completed=337/672 qa=conv-43_qa_0151 status=data_error problem=False
[cons] completed=338/672 qa=conv-43_qa_0164 status=data_error problem=False
[cons] completed=339/672 qa=conv-43_qa_0165 status=data_error problem=False
[cons] completed=340/672 qa=conv-43_qa_0169 status=data_error problem=False
[cons] completed=341/672 qa=conv-43_qa_0168 status=completed problem=True
[cons] completed=342/672 qa=conv-43_qa_0170 status=completed problem=True
[cons] completed=343/672 qa=conv-43_qa_0171 status=completed problem=True
[cons] completed=344/672 qa=conv-43_qa_0176 status=completed problem=True
[cons] completed=345/672 qa=conv-43_qa_0175 status=data_error problem=False
[cons] completed=346/672 qa=conv-43_qa_0177 status=data_error problem=False
[cons] completed=347/672 qa=conv-44_qa_0002 status=data_error problem=False
[cons] completed=348/672 qa=conv-44_qa_0004 status=data_error problem=False
[cons] completed=349/672 qa=conv-44_qa_0005 status=completed problem=True
[cons] completed=350/672 qa=conv-44_qa_0003 status=completed problem=True
[cons] completed=351/672 qa=conv-44_qa_0010 status=data_error problem=False
[cons] completed=352/672 qa=conv-44_qa_0011 status=data_error problem=False
[cons] completed=353/672 qa=conv-44_qa_0012 status=completed problem=True
[cons] completed=354/672 qa=conv-44_qa_0009 status=completed problem=True
[cons] completed=355/672 qa=conv-44_qa_0015 status=data_error problem=False
[cons] completed=356/672 qa=conv-44_qa_0016 status=data_error problem=False
[cons] completed=357/672 qa=conv-44_qa_0017 status=data_error problem=False
[cons] completed=358/672 qa=conv-44_qa_0019 status=data_error problem=False
[cons] completed=359/672 qa=conv-44_qa_0022 status=completed problem=True
[cons] completed=360/672 qa=conv-44_qa_0021 status=data_error problem=False
[cons] completed=361/672 qa=conv-44_qa_0031 status=completed problem=True
[cons] completed=362/672 qa=conv-44_qa_0023 status=data_error problem=False
[cons] completed=363/672 qa=conv-44_qa_0028 status=completed problem=True
[cons] completed=364/672 qa=conv-44_qa_0030 status=completed problem=True
[cons] completed=365/672 qa=conv-44_qa_0024 status=data_error problem=False
[cons] completed=366/672 qa=conv-44_qa_0025 status=data_error problem=False
[cons] completed=367/672 qa=conv-44_qa_0029 status=completed problem=True
[cons] completed=368/672 qa=conv-44_qa_0033 status=data_error problem=False
[cons] completed=369/672 qa=conv-44_qa_0048 status=completed problem=False
[cons] completed=370/672 qa=conv-44_qa_0043 status=data_error problem=False
[cons] completed=371/672 qa=conv-44_qa_0034 status=data_error problem=False
[cons] completed=372/672 qa=conv-44_qa_0036 status=data_error problem=False
[cons] completed=373/672 qa=conv-44_qa_0037 status=data_error problem=False
[cons] completed=374/672 qa=conv-44_qa_0054 status=completed problem=False
[cons] completed=375/672 qa=conv-44_qa_0041 status=data_error problem=False
[cons] completed=376/672 qa=conv-44_qa_0044 status=data_error problem=False
[cons] completed=377/672 qa=conv-44_qa_0046 status=data_error problem=False
[cons] completed=378/672 qa=conv-44_qa_0051 status=data_error problem=False
[cons] completed=379/672 qa=conv-44_qa_0047 status=data_error problem=False
[cons] completed=380/672 qa=conv-44_qa_0052 status=data_error problem=False
[cons] completed=381/672 qa=conv-44_qa_0045 status=completed problem=True
[cons] completed=382/672 qa=conv-44_qa_0055 status=data_error problem=False
[cons] completed=383/672 qa=conv-44_qa_0053 status=data_error problem=False
[cons] completed=384/672 qa=conv-44_qa_0057 status=data_error problem=False
[cons] completed=385/672 qa=conv-44_qa_0059 status=data_error problem=False
[cons] completed=386/672 qa=conv-44_qa_0062 status=completed problem=True
[cons] completed=387/672 qa=conv-44_qa_0069 status=completed problem=True
[cons] completed=388/672 qa=conv-44_qa_0064 status=data_error problem=False
[cons] completed=389/672 qa=conv-44_qa_0060 status=completed problem=True
[cons] completed=390/672 qa=conv-44_qa_0074 status=completed problem=True
[cons] completed=391/672 qa=conv-44_qa_0065 status=completed problem=True
[cons] completed=392/672 qa=conv-44_qa_0080 status=data_error problem=False
[cons] completed=393/672 qa=conv-44_qa_0083 status=completed problem=True
[cons] completed=394/672 qa=conv-44_qa_0086 status=completed problem=True
[cons] completed=395/672 qa=conv-44_qa_0085 status=completed problem=True
[cons] completed=396/672 qa=conv-44_qa_0084 status=completed problem=True
[cons] completed=397/672 qa=conv-44_qa_0092 status=completed problem=True
[cons] completed=398/672 qa=conv-44_qa_0088 status=completed problem=True
[cons] completed=399/672 qa=conv-44_qa_0094 status=completed problem=True
[cons] completed=400/672 qa=conv-44_qa_0097 status=completed problem=True
[cons] completed=401/672 qa=conv-44_qa_0096 status=completed problem=True
[cons] completed=402/672 qa=conv-44_qa_0103 status=completed problem=True
[cons] completed=403/672 qa=conv-44_qa_0128 status=completed problem=False
[cons] completed=404/672 qa=conv-44_qa_0132 status=completed problem=False
[cons] completed=405/672 qa=conv-44_qa_0131 status=completed problem=False
[cons] completed=406/672 qa=conv-44_qa_0136 status=completed problem=False
[cons] completed=407/672 qa=conv-44_qa_0127 status=completed problem=False
[cons] completed=408/672 qa=conv-44_qa_0125 status=completed problem=False
[cons] completed=409/672 qa=conv-44_qa_0133 status=completed problem=False
[cons] completed=410/672 qa=conv-44_qa_0134 status=completed problem=False
[cons] completed=411/672 qa=conv-44_qa_0139 status=completed problem=False
[cons] completed=412/672 qa=conv-44_qa_0148 status=completed problem=False
[cons] completed=413/672 qa=conv-44_qa_0144 status=completed problem=False
[cons] completed=414/672 qa=conv-44_qa_0149 status=completed problem=False
[cons] completed=415/672 qa=conv-44_qa_0153 status=completed problem=False
[cons] completed=416/672 qa=conv-44_qa_0154 status=completed problem=False
[cons] completed=417/672 qa=conv-44_qa_0155 status=completed problem=False
[cons] completed=418/672 qa=conv-44_qa_0093 status=completed problem=True
[cons] completed=419/672 qa=conv-44_qa_0104 status=completed problem=True
[cons] completed=420/672 qa=conv-44_qa_0099 status=completed problem=True
[cons] completed=421/672 qa=conv-44_qa_0105 status=completed problem=True
[cons] completed=422/672 qa=conv-48_qa_0002 status=completed problem=False
[cons] completed=423/672 qa=conv-44_qa_0116 status=completed problem=True
[cons] completed=424/672 qa=conv-44_qa_0108 status=completed problem=True
[cons] completed=425/672 qa=conv-44_qa_0118 status=completed problem=True
[cons] completed=426/672 qa=conv-44_qa_0107 status=completed problem=True
[cons] completed=427/672 qa=conv-44_qa_0111 status=completed problem=True
[cons] completed=428/672 qa=conv-44_qa_0119 status=data_error problem=False
[cons] completed=429/672 qa=conv-44_qa_0117 status=completed problem=True
[cons] completed=430/672 qa=conv-48_qa_0000 status=data_error problem=False
[cons] completed=431/672 qa=conv-48_qa_0018 status=completed problem=False
[cons] completed=432/672 qa=conv-48_qa_0001 status=data_error problem=False
[cons] completed=433/672 qa=conv-48_qa_0005 status=data_error problem=False
[cons] completed=434/672 qa=conv-48_qa_0010 status=completed problem=True
[cons] completed=435/672 qa=conv-48_qa_0007 status=data_error problem=False
[cons] completed=436/672 qa=conv-48_qa_0012 status=data_error problem=False
[cons] completed=437/672 qa=conv-48_qa_0014 status=completed problem=True
[cons] completed=438/672 qa=conv-48_qa_0008 status=completed problem=True
[cons] completed=439/672 qa=conv-48_qa_0019 status=data_error problem=False
[cons] completed=440/672 qa=conv-48_qa_0017 status=completed problem=True
[cons] completed=441/672 qa=conv-48_qa_0022 status=data_error problem=False
[cons] completed=442/672 qa=conv-48_qa_0027 status=completed problem=True
[cons] completed=443/672 qa=conv-48_qa_0026 status=data_error problem=False
[cons] completed=444/672 qa=conv-48_qa_0023 status=data_error problem=False
[cons] completed=445/672 qa=conv-48_qa_0020 status=data_error problem=False
[cons] completed=446/672 qa=conv-48_qa_0024 status=completed problem=True
[cons] completed=447/672 qa=conv-48_qa_0028 status=completed problem=True
[cons] completed=448/672 qa=conv-48_qa_0041 status=completed problem=False
[cons] completed=449/672 qa=conv-48_qa_0032 status=data_error problem=False
[cons] completed=450/672 qa=conv-48_qa_0035 status=completed problem=True
[cons] completed=451/672 qa=conv-48_qa_0038 status=data_error problem=False
[cons] completed=452/672 qa=conv-48_qa_0044 status=data_error problem=False
[cons] completed=453/672 qa=conv-48_qa_0037 status=data_error problem=False
[cons] completed=454/672 qa=conv-48_qa_0051 status=data_error problem=False
[cons] completed=455/672 qa=conv-48_qa_0046 status=data_error problem=False
[cons] completed=456/672 qa=conv-48_qa_0061 status=completed problem=False
[cons] completed=457/672 qa=conv-48_qa_0048 status=data_error problem=False
[cons] completed=458/672 qa=conv-48_qa_0063 status=completed problem=False
[cons] completed=459/672 qa=conv-48_qa_0042 status=data_error problem=False
[cons] completed=460/672 qa=conv-48_qa_0056 status=data_error problem=False
[cons] completed=461/672 qa=conv-48_qa_0059 status=completed problem=True
[cons] completed=462/672 qa=conv-48_qa_0070 status=data_error problem=False
[cons] completed=463/672 qa=conv-48_qa_0078 status=data_error problem=False
[cons] completed=464/672 qa=conv-48_qa_0073 status=completed problem=True
[cons] completed=465/672 qa=conv-48_qa_0074 status=data_error problem=False
[cons] completed=466/672 qa=conv-48_qa_0075 status=data_error problem=False
[cons] completed=467/672 qa=conv-48_qa_0072 status=data_error problem=False
[cons] completed=468/672 qa=conv-48_qa_0067 status=completed problem=True
[cons] completed=469/672 qa=conv-48_qa_0076 status=data_error problem=False
[cons] completed=470/672 qa=conv-48_qa_0077 status=completed problem=True
[cons] completed=471/672 qa=conv-48_qa_0081 status=data_error problem=False
[cons] completed=472/672 qa=conv-48_qa_0013 status=model_error problem=False
[cons] completed=473/672 qa=conv-48_qa_0093 status=completed problem=False
[cons] completed=474/672 qa=conv-48_qa_0088 status=completed problem=False
[cons] completed=475/672 qa=conv-48_qa_0082 status=data_error problem=False
[cons] completed=476/672 qa=conv-48_qa_0083 status=completed problem=True
[cons] completed=477/672 qa=conv-48_qa_0104 status=completed problem=False
[cons] completed=478/672 qa=conv-48_qa_0084 status=completed problem=True
[cons] completed=479/672 qa=conv-48_qa_0086 status=data_error problem=False
[cons] completed=480/672 qa=conv-48_qa_0087 status=data_error problem=False
[cons] completed=481/672 qa=conv-48_qa_0100 status=completed problem=True
[cons] completed=482/672 qa=conv-48_qa_0091 status=data_error problem=False
[cons] completed=483/672 qa=conv-48_qa_0098 status=data_error problem=False
[cons] completed=484/672 qa=conv-48_qa_0096 status=completed problem=True
[cons] completed=485/672 qa=conv-48_qa_0099 status=data_error problem=False
[cons] completed=486/672 qa=conv-48_qa_0106 status=data_error problem=False
[cons] completed=487/672 qa=conv-48_qa_0101 status=completed problem=True
[cons] completed=488/672 qa=conv-48_qa_0117 status=data_error problem=False
[cons] completed=489/672 qa=conv-48_qa_0114 status=completed problem=True
[cons] completed=490/672 qa=conv-48_qa_0111 status=completed problem=True
[cons] completed=491/672 qa=conv-48_qa_0112 status=completed problem=True
[cons] completed=492/672 qa=conv-48_qa_0113 status=completed problem=True
[cons] completed=493/672 qa=conv-48_qa_0116 status=completed problem=True
[cons] completed=494/672 qa=conv-48_qa_0118 status=completed problem=True
[cons] completed=495/672 qa=conv-48_qa_0133 status=completed problem=False
[cons] completed=496/672 qa=conv-48_qa_0109 status=completed problem=True
[cons] completed=497/672 qa=conv-48_qa_0115 status=data_error problem=False
[cons] completed=498/672 qa=conv-48_qa_0119 status=data_error problem=False
[cons] completed=499/672 qa=conv-48_qa_0120 status=completed problem=True
[cons] completed=500/672 qa=conv-48_qa_0149 status=completed problem=False
[cons] completed=501/672 qa=conv-48_qa_0150 status=completed problem=False
[cons] completed=502/672 qa=conv-48_qa_0135 status=completed problem=True
[cons] completed=503/672 qa=conv-48_qa_0130 status=completed problem=True
[cons] completed=504/672 qa=conv-48_qa_0131 status=completed problem=True
[cons] completed=505/672 qa=conv-48_qa_0138 status=completed problem=True
[cons] completed=506/672 qa=conv-48_qa_0139 status=completed problem=True
[cons] completed=507/672 qa=conv-48_qa_0123 status=completed problem=True
[cons] completed=508/672 qa=conv-48_qa_0157 status=completed problem=False
[cons] completed=509/672 qa=conv-48_qa_0142 status=completed problem=True
[cons] completed=510/672 qa=conv-48_qa_0143 status=completed problem=True
[cons] completed=511/672 qa=conv-48_qa_0158 status=completed problem=False
[cons] completed=512/672 qa=conv-48_qa_0145 status=completed problem=True
[cons] completed=513/672 qa=conv-48_qa_0151 status=completed problem=True
[cons] completed=514/672 qa=conv-48_qa_0153 status=completed problem=True
[cons] completed=515/672 qa=conv-48_qa_0154 status=completed problem=True
[cons] completed=516/672 qa=conv-48_qa_0176 status=completed problem=False
[cons] completed=517/672 qa=conv-48_qa_0161 status=completed problem=True
[cons] completed=518/672 qa=conv-48_qa_0159 status=completed problem=True
[cons] completed=519/672 qa=conv-48_qa_0194 status=completed problem=False
[cons] completed=520/672 qa=conv-48_qa_0197 status=completed problem=False
[cons] completed=521/672 qa=conv-48_qa_0202 status=completed problem=False
[cons] completed=522/672 qa=conv-48_qa_0204 status=completed problem=False
[cons] completed=523/672 qa=conv-48_qa_0205 status=completed problem=False
[cons] completed=524/672 qa=conv-48_qa_0206 status=completed problem=False
[cons] completed=525/672 qa=conv-48_qa_0208 status=completed problem=False
[cons] completed=526/672 qa=conv-48_qa_0209 status=completed problem=False
[cons] completed=527/672 qa=conv-48_qa_0210 status=completed problem=False
[cons] completed=528/672 qa=conv-48_qa_0211 status=completed problem=False
[cons] completed=529/672 qa=conv-48_qa_0213 status=completed problem=False
[cons] completed=530/672 qa=conv-48_qa_0214 status=completed problem=False
[cons] completed=531/672 qa=conv-48_qa_0215 status=completed problem=False
[cons] completed=532/672 qa=conv-48_qa_0216 status=completed problem=False
[cons] completed=533/672 qa=conv-48_qa_0217 status=completed problem=False
[cons] completed=534/672 qa=conv-48_qa_0218 status=completed problem=False
[cons] completed=535/672 qa=conv-48_qa_0220 status=completed problem=False
[cons] completed=536/672 qa=conv-48_qa_0221 status=completed problem=False
[cons] completed=537/672 qa=conv-48_qa_0222 status=completed problem=False
[cons] completed=538/672 qa=conv-48_qa_0223 status=completed problem=False
[cons] completed=539/672 qa=conv-48_qa_0224 status=completed problem=False
[cons] completed=540/672 qa=conv-48_qa_0225 status=completed problem=False
[cons] completed=541/672 qa=conv-48_qa_0226 status=completed problem=False
[cons] completed=542/672 qa=conv-48_qa_0227 status=completed problem=False
[cons] completed=543/672 qa=conv-48_qa_0229 status=completed problem=False
[cons] completed=544/672 qa=conv-48_qa_0231 status=completed problem=False
[cons] completed=545/672 qa=conv-48_qa_0235 status=completed problem=False
[cons] completed=546/672 qa=conv-48_qa_0162 status=completed problem=True
[cons] completed=547/672 qa=conv-48_qa_0180 status=completed problem=False
[cons] completed=548/672 qa=conv-48_qa_0155 status=data_error problem=False
[cons] completed=549/672 qa=conv-48_qa_0166 status=data_error problem=False
[cons] completed=550/672 qa=conv-48_qa_0175 status=completed problem=True
[cons] completed=551/672 qa=conv-48_qa_0169 status=completed problem=True
[cons] completed=552/672 qa=conv-48_qa_0171 status=data_error problem=False
[cons] completed=553/672 qa=conv-48_qa_0174 status=completed problem=True
[cons] completed=554/672 qa=conv-48_qa_0179 status=data_error problem=False
[cons] completed=555/672 qa=conv-49_qa_0016 status=completed problem=False
[cons] completed=556/672 qa=conv-49_qa_0007 status=completed problem=False
[cons] completed=557/672 qa=conv-48_qa_0190 status=completed problem=True
[cons] completed=558/672 qa=conv-48_qa_0187 status=data_error problem=False
[cons] completed=559/672 qa=conv-49_qa_0001 status=completed problem=True
[cons] completed=560/672 qa=conv-49_qa_0003 status=data_error problem=False
[cons] completed=561/672 qa=conv-49_qa_0009 status=data_error problem=False
[cons] completed=562/672 qa=conv-49_qa_0017 status=completed problem=True
[cons] completed=563/672 qa=conv-49_qa_0012 status=data_error problem=False
[cons] completed=564/672 qa=conv-49_qa_0024 status=data_error problem=False
[cons] completed=565/672 qa=conv-49_qa_0041 status=completed problem=False
[cons] completed=566/672 qa=conv-49_qa_0018 status=data_error problem=False
[cons] completed=567/672 qa=conv-49_qa_0036 status=data_error problem=False
[cons] completed=568/672 qa=conv-49_qa_0019 status=data_error problem=False
[cons] completed=569/672 qa=conv-49_qa_0026 status=completed problem=True
[cons] completed=570/672 qa=conv-49_qa_0020 status=data_error problem=False
[cons] completed=571/672 qa=conv-49_qa_0046 status=data_error problem=False
[cons] completed=572/672 qa=conv-49_qa_0021 status=completed problem=True
[cons] completed=573/672 qa=conv-49_qa_0039 status=data_error problem=False
[cons] completed=574/672 qa=conv-49_qa_0037 status=data_error problem=False
[cons] completed=575/672 qa=conv-49_qa_0049 status=completed problem=False
[cons] completed=576/672 qa=conv-49_qa_0043 status=data_error problem=False
[cons] completed=577/672 qa=conv-49_qa_0042 status=completed problem=True
[cons] completed=578/672 qa=conv-49_qa_0048 status=completed problem=False
[cons] completed=579/672 qa=conv-49_qa_0044 status=data_error problem=False
[cons] completed=580/672 qa=conv-49_qa_0045 status=data_error problem=False
[cons] completed=581/672 qa=conv-49_qa_0064 status=completed problem=False
[cons] completed=582/672 qa=conv-49_qa_0047 status=data_error problem=False
[cons] completed=583/672 qa=conv-49_qa_0054 status=data_error problem=False
[cons] completed=584/672 qa=conv-49_qa_0055 status=completed problem=False
[cons] completed=585/672 qa=conv-49_qa_0061 status=completed problem=True
[cons] completed=586/672 qa=conv-49_qa_0057 status=data_error problem=False
[cons] completed=587/672 qa=conv-49_qa_0051 status=data_error problem=False
[cons] completed=588/672 qa=conv-49_qa_0065 status=data_error problem=False
[cons] completed=589/672 qa=conv-49_qa_0060 status=data_error problem=False
[cons] completed=590/672 qa=conv-49_qa_0050 status=data_error problem=False
[cons] completed=591/672 qa=conv-49_qa_0069 status=completed problem=False
[cons] completed=592/672 qa=conv-49_qa_0062 status=completed problem=False
[cons] completed=593/672 qa=conv-49_qa_0066 status=data_error problem=False
[cons] completed=594/672 qa=conv-49_qa_0067 status=data_error problem=False
[cons] completed=595/672 qa=conv-49_qa_0068 status=data_error problem=False
[cons] completed=596/672 qa=conv-49_qa_0070 status=data_error problem=False
[cons] completed=597/672 qa=conv-49_qa_0071 status=data_error problem=False
[cons] completed=598/672 qa=conv-49_qa_0072 status=data_error problem=False
[cons] completed=599/672 qa=conv-49_qa_0076 status=completed problem=False
[cons] completed=600/672 qa=conv-49_qa_0074 status=data_error problem=False
[cons] completed=601/672 qa=conv-49_qa_0080 status=data_error problem=False
[cons] completed=602/672 qa=conv-49_qa_0094 status=completed problem=False
[cons] completed=603/672 qa=conv-49_qa_0086 status=completed problem=True
[cons] completed=604/672 qa=conv-49_qa_0078 status=completed problem=True
[cons] completed=605/672 qa=conv-49_qa_0084 status=completed problem=True
[cons] completed=606/672 qa=conv-49_qa_0077 status=data_error problem=False
[cons] completed=607/672 qa=conv-49_qa_0088 status=completed problem=True
[cons] completed=608/672 qa=conv-49_qa_0095 status=completed problem=True
[cons] completed=609/672 qa=conv-49_qa_0081 status=data_error problem=False
[cons] completed=610/672 qa=conv-49_qa_0082 status=data_error problem=False
[cons] completed=611/672 qa=conv-49_qa_0097 status=completed problem=True
[cons] completed=612/672 qa=conv-49_qa_0096 status=completed problem=True
[cons] completed=613/672 qa=conv-49_qa_0099 status=completed problem=True
[cons] completed=614/672 qa=conv-49_qa_0104 status=data_error problem=False
[cons] completed=615/672 qa=conv-49_qa_0118 status=completed problem=False
[cons] completed=616/672 qa=conv-49_qa_0106 status=completed problem=True
[cons] completed=617/672 qa=conv-49_qa_0102 status=data_error problem=False
[cons] completed=618/672 qa=conv-49_qa_0103 status=data_error problem=False
[cons] completed=619/672 qa=conv-49_qa_0116 status=data_error problem=False
[cons] completed=620/672 qa=conv-49_qa_0110 status=completed problem=True
[cons] completed=621/672 qa=conv-49_qa_0112 status=completed problem=True
[cons] completed=622/672 qa=conv-49_qa_0123 status=completed problem=False
[cons] completed=623/672 qa=conv-49_qa_0115 status=completed problem=True
[cons] completed=624/672 qa=conv-49_qa_0109 status=data_error problem=False
[cons] completed=625/672 qa=conv-49_qa_0114 status=completed problem=True
[cons] completed=626/672 qa=conv-49_qa_0128 status=completed problem=False
[cons] completed=627/672 qa=conv-49_qa_0133 status=completed problem=False
[cons] completed=628/672 qa=conv-49_qa_0138 status=completed problem=False
[cons] completed=629/672 qa=conv-49_qa_0120 status=completed problem=True
[cons] completed=630/672 qa=conv-49_qa_0108 status=data_error problem=False
[cons] completed=631/672 qa=conv-49_qa_0147 status=completed problem=False
[cons] completed=632/672 qa=conv-49_qa_0157 status=completed problem=False
[cons] completed=633/672 qa=conv-49_qa_0158 status=completed problem=False
[cons] completed=634/672 qa=conv-49_qa_0159 status=completed problem=False
[cons] completed=635/672 qa=conv-49_qa_0160 status=completed problem=False
[cons] completed=636/672 qa=conv-49_qa_0161 status=completed problem=False
[cons] completed=637/672 qa=conv-49_qa_0162 status=completed problem=False
[cons] completed=638/672 qa=conv-49_qa_0165 status=completed problem=False
[cons] completed=639/672 qa=conv-49_qa_0166 status=completed problem=False
[cons] completed=640/672 qa=conv-49_qa_0167 status=completed problem=False
[cons] completed=641/672 qa=conv-49_qa_0170 status=completed problem=False
[cons] completed=642/672 qa=conv-49_qa_0171 status=completed problem=False
[cons] completed=643/672 qa=conv-49_qa_0172 status=completed problem=False
[cons] completed=644/672 qa=conv-49_qa_0173 status=completed problem=False
[cons] completed=645/672 qa=conv-49_qa_0174 status=completed problem=False
[cons] completed=646/672 qa=conv-49_qa_0175 status=completed problem=False
[cons] completed=647/672 qa=conv-49_qa_0176 status=completed problem=False
[cons] completed=648/672 qa=conv-49_qa_0177 status=completed problem=False
[cons] completed=649/672 qa=conv-49_qa_0180 status=completed problem=False
[cons] completed=650/672 qa=conv-49_qa_0182 status=completed problem=False
[cons] completed=651/672 qa=conv-49_qa_0183 status=completed problem=False
[cons] completed=652/672 qa=conv-49_qa_0184 status=completed problem=False
[cons] completed=653/672 qa=conv-49_qa_0185 status=completed problem=False
[cons] completed=654/672 qa=conv-49_qa_0186 status=completed problem=False
[cons] completed=655/672 qa=conv-49_qa_0189 status=completed problem=False
[cons] completed=656/672 qa=conv-49_qa_0190 status=completed problem=False
[cons] completed=657/672 qa=conv-49_qa_0191 status=completed problem=False
[cons] completed=658/672 qa=conv-49_qa_0192 status=completed problem=False
[cons] completed=659/672 qa=conv-49_qa_0193 status=completed problem=False
[cons] completed=660/672 qa=conv-49_qa_0194 status=completed problem=False
[cons] completed=661/672 qa=conv-49_qa_0195 status=completed problem=False
[cons] completed=662/672 qa=conv-49_qa_0132 status=completed problem=True
[cons] completed=663/672 qa=conv-49_qa_0136 status=completed problem=True
[cons] completed=664/672 qa=conv-49_qa_0130 status=data_error problem=False
[cons] completed=665/672 qa=conv-49_qa_0139 status=completed problem=True
[cons] completed=666/672 qa=conv-49_qa_0144 status=data_error problem=False
[cons] completed=667/672 qa=conv-49_qa_0141 status=completed problem=True
[cons] completed=668/672 qa=conv-49_qa_0153 status=data_error problem=False
[cons] completed=669/672 qa=conv-49_qa_0142 status=completed problem=True
[cons] completed=670/672 qa=conv-49_qa_0149 status=completed problem=True
[cons] completed=671/672 qa=conv-49_qa_0140 status=data_error problem=False
[cons] completed=672/672 qa=conv-49_qa_0155 status=completed problem=True
