Run directory: outputs\bank2_from_v1_new_skill\bank2_from_v1_new_skill
Eligible Access packages:  119
Eligible Cons packages:   184
Reusing seeded Bank1 during resume: repository=v000

©¤©¤ Stages B-E: Clustering, Retrieval, CRUD ©¤©¤
  [access] Preflight retrieval for 73 candidates...
  [access] Preflight done: 4238 relations
  [access] Clustering 73 candidates...
  [access] 4 groups formed
  [access] Group 1/4: 20 candidates, retrieving...
  [access] Group 1: calling CRUD agent...
  [access] Group 1: CRUD plan OK (4 ops)
  [access] Group 2/4: 20 candidates, retrieving...
  [access] Group 2: calling CRUD agent...
  [access] Group 2: CRUD plan OK (0 ops)
  [access] Group 3/4: 20 candidates, retrieving...
  [access] Group 3: calling CRUD agent...
  [access] Group 3: CRUD plan OK (2 ops)
  [access] Group 4/4: 13 candidates, retrieving...
  [access] Group 4: calling CRUD agent...
  [access] Group 4: CRUD plan OK (0 ops)
  [access] published=False version=None accepted=0 rejected=73
  [construction] Preflight retrieval for 176 candidates...
  [construction] Preflight done: 0 relations
  [construction] Clustering 176 candidates...
  [construction] 19 groups formed
  [construction] Group 1/19: 20 candidates, retrieving...
  [construction] Group 1: calling CRUD agent...
  [construction] Group 1: CRUD plan OK (1 ops)
  [construction] Group 2/19: 20 candidates, retrieving...
  [construction] Group 2: calling CRUD agent...
  [construction] Group 2: CRUD plan OK (9 ops)
  [construction] Group 3/19: 4 candidates, retrieving...
  [construction] Group 3: calling CRUD agent...
  [construction] Group 3: CRUD plan OK (3 ops)
  [construction] Group 4/19: 6 candidates, retrieving...
  [construction] Group 4: calling CRUD agent...
  [construction] Group 4: CRUD plan OK (1 ops)
  [construction] Group 5/19: 8 candidates, retrieving...
  [construction] Group 5: calling CRUD agent...
  [construction] Group 5: CRUD plan OK (1 ops)
  [construction] Group 6/19: 1 candidates, retrieving...
  [construction] Group 6: calling CRUD agent...
  [construction] Group 6: CRUD plan OK (1 ops)
  [construction] Group 7/19: 11 candidates, retrieving...
  [construction] Group 7: calling CRUD agent...
  [construction] Group 7: CRUD plan OK (1 ops)
  [construction] Group 8/19: 7 candidates, retrieving...
  [construction] Group 8: calling CRUD agent...
  [construction] Group 8: CRUD plan OK (1 ops)
  [construction] Group 9/19: 6 candidates, retrieving...
  [construction] Group 9: calling CRUD agent...
  [construction] Group 9: CRUD plan OK (3 ops)
  [construction] Group 10/19: 20 candidates, retrieving...
  [construction] Group 10: calling CRUD agent...
  [construction] Group 10: CRUD plan OK (12 ops)
  [construction] Group 11/19: 3 candidates, retrieving...
  [construction] Group 11: calling CRUD agent...
  [construction] Group 11: CRUD plan OK (2 ops)
  [construction] Group 12/19: 3 candidates, retrieving...
  [construction] Group 12: calling CRUD agent...
  [construction] Group 12: CRUD plan OK (2 ops)
  [construction] Group 13/19: 15 candidates, retrieving...
  [construction] Group 13: calling CRUD agent...
  [construction] Group 13: CRUD plan OK (1 ops)
  [construction] Group 14/19: 7 candidates, retrieving...
  [construction] Group 14: calling CRUD agent...
